
> backend@0.0.1 build
> nest build

node.exe : [96msrc/m
odules/habits/habits.
controller.ts[0m:[9
3m11[0m:[93m18[0m 
- 
[91merror[0m[90m 
TS7006: 
[0mParameter 'req' 
implicitly has an 
'any' type.
No C:\Program Files\n
odejs\npm.ps1:29 
caractere:3
+   & $NODE_EXE 
$NPM_CLI_JS $args
+   ~~~~~~~~~~~~~~~~~
~~~~~~~~~~~~
    + CategoryInfo   
           : NotSpe  
  cified: ([96msr   
 c/module... an '    
any' type.:Strin    
g) [], RemoteExc    
eption
    + FullyQualified 
   ErrorId : Native  
  CommandError
 

[7m11[0m     async 
create(@Request() 
req, @Body() data: 
any) {
[7m  [0m [91m     
            
~~~~~~~~~~~~~~[0m
[96msrc/modules/habi
ts/habits.controller.
ts[0m:[93m16[0m:[
93m19[0m - 
[91merror[0m[90m 
TS7006: 
[0mParameter 'req' 
implicitly has an 
'any' type.

[7m16[0m     async 
findAll(@Request() 
req) {
[7m  [0m [91m     
             
~~~~~~~~~~~~~~[0m
[96msrc/modules/prog
ress/progress.control
ler.ts[0m:[93m11[0
m:[93m20[0m - 
[91merror[0m[90m 
TS7006: 
[0mParameter 'req' 
implicitly has an 
'any' type.

[7m11[0m     async 
complete(@Request() 
req, 
@Param('habitId') 
habitId: string, 
@Body('score') 
score?: number) {
[7m  [0m [91m     
              
~~~~~~~~~~~~~~[0m
[96msrc/modules/prog
ress/progress.control
ler.ts[0m:[93m16[0
m:[93m22[0m - 
[91merror[0m[90m 
TS7006: 
[0mParameter 'req' 
implicitly has an 
'any' type.

[7m16[0m     async 
getHistory(@Request()
 req) {
[7m  [0m [91m     
                
~~~~~~~~~~~~~~[0m
[96msrc/modules/repo
rts/reports.controlle
r.ts[0m:[93m11[0m:
[93m27[0m - 
[91merror[0m[90m 
TS7006: 
[0mParameter 'req' 
implicitly has an 
'any' type.

[7m11[0m     async 
generateSummary(@Requ
est() req) {
[7m  [0m [91m     
                     
~~~~~~~~~~~~~~[0m
[96msrc/modules/repo
rts/reports.controlle
r.ts[0m:[93m16[0m:
[93m24[0m - 
[91merror[0m[90m 
TS7006: 
[0mParameter 'req' 
implicitly has an 
'any' type.

[7m16[0m     async 
getMyReports(@Request
() req) {
[7m  [0m [91m     
                  
~~~~~~~~~~~~~~[0m

Found 6 error(s).

